C:\Users\wwwze\Desktop\Mobile App Dev\NeuronSparks\node_modules\expo\node_modules\@expo\cli\build\src\utils\errors.js:130
    throw error;
    ^

Error: Cannot find module './utils/env'
Require stack:
- C:\Users\wwwze\Desktop\Mobile App Dev\NeuronSparks\node_modules\expo\node_modules\@expo\cli\build\src\log.js
- C:\Users\wwwze\Desktop\Mobile App Dev\NeuronSparks\node_modules\expo\node_modules\@expo\cli\build\src\utils\args.js
- C:\Users\wwwze\Desktop\Mobile App Dev\NeuronSparks\node_modules\expo\node_modules\@expo\cli\build\src\start\index.js
- C:\Users\wwwze\Desktop\Mobile App Dev\NeuronSparks\node_modules\expo\node_modules\@expo\cli\build\bin\cli
- C:\Users\wwwze\Desktop\Mobile App Dev\NeuronSparks\node_modules\expo\bin\cli
    at Module._resolveFilename (node:internal/modules/cjs/loader:1502:15)
    at wrapResolveFilename (node:internal/modules/cjs/loader:1073:27)
    at defaultResolveImplForCJSLoading (node:internal/modules/cjs/loader:1097:10)
    at resolveForCJSWithHooks (node:internal/modules/cjs/loader:1118:12)
    at Module._load (node:internal/modules/cjs/loader:1287:25)
    at wrapModuleLoad (node:internal/modules/cjs/loader:255:19)
    at Module.require (node:internal/modules/cjs/loader:1602:12)
    at require (node:internal/modules/helpers:191:16)
    at Object.exception (C:\Users\wwwze\Desktop\Mobile App Dev\NeuronSparks\node_modules\expo\node_modules\@expo\cli\build\src\log.js:65:21)
    at internalMiddleware (C:\Users\wwwze\Desktop\Mobile App Dev\NeuronSparks\node_modules\expo\node_modules\@expo\cli\build\src\start\server\middleware\ExpoMiddleware.js:92:22) {
  code: 'MODULE_NOT_FOUND',
  requireStack: [
    'C:\\Users\\wwwze\\Desktop\\Mobile App Dev\\NeuronSparks\\node_modules\\expo\\node_modules\\@expo\\cli\\build\\src\\log.js',
    'C:\\Users\\wwwze\\Desktop\\Mobile App Dev\\NeuronSparks\\node_modules\\expo\\node_modules\\@expo\\cli\\build\\src\\utils\\args.js',
    'C:\\Users\\wwwze\\Desktop\\Mobile App Dev\\NeuronSparks\\node_modules\\expo\\node_modules\\@expo\\cli\\build\\src\\start\\index.js',
    'C:\\Users\\wwwze\\Desktop\\Mobile App Dev\\NeuronSparks\\node_modules\\expo\\node_modules\\@expo\\cli\\build\\bin\\cli',
    'C:\\Users\\wwwze\\Desktop\\Mobile App Dev\\NeuronSparks\\node_modules\\expo\\bin\\cli'
  ]
}

Node.js v26.1.0
